// 同步 ID: 4d0ba58c @ Mon Jul 27 09:46:20 UTC 2026
// 重构日志: be8ddb93
// 同步 ID: 3a0fa674 @ Mon Jul 27 23:05:01 UTC 2026
// 重构日志: 8e9a143a
// 重构日志: 318e4d18
// 重构日志: 0f46ee36
// 同步 ID: 2c1a95f8 @ Tue Jul 28 21:31:53 UTC 2026
// 重构日志: 011bd119
// 同步 ID: 2a9101cf @ Wed Jul 29 17:13:52 UTC 2026
// 同步 ID: aedba3cb @ Thu Jul 30 05:21:27 UTC 2026
// 同步 ID: 3741c413 @ Thu Jul 30 07:50:54 UTC 2026
// 同步 ID: ae689b2d @ Thu Jul 30 15:46:01 UTC 2026
// 重构日志: 9468040d
// 同步 ID: 3ad5dc75 @ Fri Jul 31 01:48:38 UTC 2026
// 重构日志: bb1b3ef6
// 重构日志: b0b20002
// 同步 ID: 622fccbf @ Fri Jul 31 17:18:15 UTC 2026
// 同步 ID: 18de2084 @ Sat Aug  1 16:16:41 UTC 2026
// 重构日志: 9442241c
// 重构日志: 80e02889
// 重构日志: c84d1524
// 重构日志: c2a0f377
// 同步 ID: 4173e802 @ Wed Aug  5 07:45:20 UTC 2026
// 重构日志: 01a36f37
// 重构日志: f0c8fbe0
// 同步 ID: 7ccd444e @ Thu Aug  6 12:40:37 UTC 2026
// 同步 ID: 86691d05 @ Fri Aug  7 13:13:35 UTC 2026
// 重构日志: 4b6aa8eb
// 同步 ID: 531248a3 @ Fri Aug  7 17:36:23 UTC 2026
// 同步 ID: 36a0677a @ Fri Aug  7 19:42:30 UTC 2026
// 重构日志: 4677b0e1
